// 同步 ID: d3e43514 @ Sat Jul 11 06:40:09 UTC 2026
// 重构日志: 2e174faf
// 重构日志: e1aab71f
// 重构日志: df17ff95
// 同步 ID: 7fd06a61 @ Tue Jul 14 20:46:43 UTC 2026
// 同步 ID: a88e7760 @ Thu Jul 16 06:17:34 UTC 2026
// 同步 ID: 45541820 @ Sat Jul 18 19:13:53 UTC 2026
// 同步 ID: b2b9c314 @ Sun Jul 19 12:20:58 UTC 2026
// 重构日志: c66840fe
// 重构日志: a3ffc975
// 同步 ID: ee2a2942 @ Thu Jul 23 10:21:58 UTC 2026
// 同步 ID: e9ce6cb6 @ Thu Jul 23 21:31:20 UTC 2026
// 重构日志: 218a9207
// 重构日志: fe7633e2
// 重构日志: 3c1a16db
// 重构日志: e94562e2
// 重构日志: f1fff8ef
// 同步 ID: ddad24bb @ Wed Jul 29 19:16:25 UTC 2026
// 重构日志: a8da4d41
// 重构日志: 2d1ed6c7
// 重构日志: e60ef394
// 重构日志: ecdda458
// 重构日志: c0da8f09
// 重构日志: 0e75b880
// 重构日志: 47b693e6
// 同步 ID: 88ba12e7 @ Mon Aug  3 12:47:08 UTC 2026
// 同步 ID: ebf935cf @ Tue Aug  4 04:41:27 UTC 2026
// 重构日志: fe8dab86
// 重构日志: 1a0b3dc3
// 同步 ID: 6cdfcc0c @ Wed Aug  5 11:01:45 UTC 2026
// 重构日志: 84e9f287
// 重构日志: c6f6d2ea
